       subroutine aaaa()
       call cccc
       end

