      program main
        character*(*) CH33
        parameter(CH33 = 'LIFFE Euro S? FUTURES ANALYSIS')
        print *, int(z'deadbeef')
      end program main
